// Jest Snapshot v1, https://goo.gl/fbAQLP

exports[`<ValidationSummary /> fieldErrorComponent prop should accept custom field error components 1`] = `
<div
  id="mock-error"
/>
`;

exports[`<ValidationSummary /> render prop should correctly render the render prop 1`] = `
<Fade
  appear={true}
  baseClass="fade"
  baseClassActive="show"
  className="validation-summary alert alert-danger"
  enter={true}
  exit={true}
  in={true}
  mountOnEnter={false}
  onEnter={[Function]}
  onEntered={[Function]}
  onEntering={[Function]}
  onExit={[Function]}
  onExited={[Function]}
  onExiting={[Function]}
  role="alert"
  tag="div"
  timeout={150}
  unmountOnExit={true}
>
  <div
    id="mock"
  />
</Fade>
`;

exports[`<ValidationSummary /> renderFieldError prop should correctly render the render prop 1`] = `
<li
  key="mock-id"
>
  <FontAwesomeIcon
    border={false}
    className="mr-2"
    fixedWidth={false}
    flip={null}
    icon={
      Object {
        "icon": Array [
          512,
          512,
          Array [],
          "f06a",
          "M504 256c0 136.997-111.043 248-248 248S8 392.997 8 256C8 119.083 119.043 8 256 8s248 111.083 248 248zm-248 50c-25.405 0-46 20.595-46 46s20.595 46 46 46 46-20.595 46-46-20.595-46-46-46zm-43.673-165.346l7.418 136c.347 6.364 5.609 11.346 11.982 11.346h48.546c6.373 0 11.635-4.982 11.982-11.346l7.418-136c.375-6.874-5.098-12.654-11.982-12.654h-63.383c-6.884 0-12.356 5.78-11.981 12.654z",
        ],
        "iconName": "exclamation-circle",
        "prefix": "fas",
      }
    }
    inverse={false}
    listItem={false}
    mask={null}
    pull={null}
    pulse={false}
    rotation={null}
    size={null}
    spin={false}
    swapOpacity={false}
    symbol={false}
    title=""
    transform={null}
  />
  <a
    href="#mock-id"
    onClick={[MockFunction]}
  >
    mock-name
    :
     
    mock-error
  </a>
</li>
`;

exports[`<ValidationSummary /> should render without crashing 1`] = `
<FormComponent(ValidationSummary)
  id="mock-summary"
  render={[Function]}
  renderFieldError={[Function]}
/>
`;
