// Jest Snapshot v1, https://goo.gl/fbAQLP

exports[`<FormButton /> should render without crashing 1`] = `
<DocumentFragment>
  <form
    class=""
  >
    <button
      class="btn btn-secondary"
      type="submit"
    >
      Mock button
    </button>
  </form>
</DocumentFragment>
`;
