// Jest Snapshot v1, https://goo.gl/fbAQLP

exports[`<Select /> should render correctly 1`] = `
<SelectBase
  field={
    Object {
      "disabled": false,
      "id": "mock-field",
      "name": "mock-field",
      "onBlur": [MockFunction],
      "onChange": [MockFunction],
      "value": "",
    }
  }
  label="field0"
  meta={
    Object {
      "error": null,
      "isRequired": false,
      "isValidating": false,
      "plaintext": false,
      "stringFormatter": [MockFunction],
      "touched": false,
      "valid": true,
    }
  }
  multi={false}
  options={
    Array [
      Object {
        "label": "One",
        "value": "one",
      },
      Object {
        "label": "Two",
        "value": "two",
      },
    ]
  }
  placeholder="ojs_select_placeholder"
  renderSelect={[Function]}
/>
`;
