// Jest Snapshot v1, https://goo.gl/fbAQLP

exports[`<RequiredMarker /> should render the field required marker if there is a required field validator 1`] = `
<span
  className="field-required"
  title="ojs_field_required"
>
   
  *
</span>
`;
