// Jest Snapshot v1, https://goo.gl/fbAQLP

exports[`<Input /> should render correctly 1`] = `
ShallowWrapper {
  "length": 1,
  Symbol(enzyme.__root__): [Circular],
  Symbol(enzyme.__unrendered__): <Input
    field={
      Object {
        "id": "field0",
        "invalid": false,
        "name": "field0",
        "onBlur": [MockFunction],
        "onChange": [MockFunction],
        "value": "",
      }
    }
    label="field0"
    meta={
      Object {
        "error": undefined,
        "isValidating": undefined,
        "stringFormatter": [MockFunction],
        "valid": true,
      }
    }
    type="text"
  />,
  Symbol(enzyme.__renderer__): Object {
    "batchedUpdates": [Function],
    "getNode": [Function],
    "render": [Function],
    "simulateEvent": [Function],
    "unmount": [Function],
  },
  Symbol(enzyme.__node__): Object {
    "instance": null,
    "key": undefined,
    "nodeType": "class",
    "props": Object {
      "children": <Input
        id="field0"
        name="field0"
        onBlur={[MockFunction]}
        onChange={[MockFunction]}
        type="text"
        value=""
      />,
      "field": Object {
        "id": "field0",
        "invalid": false,
        "name": "field0",
        "onBlur": [MockFunction],
        "onChange": [MockFunction],
        "value": "",
      },
      "info": undefined,
      "label": "field0",
      "meta": Object {
        "error": undefined,
        "isValidating": undefined,
        "stringFormatter": [MockFunction],
        "valid": true,
      },
      "prefix": undefined,
      "suffix": undefined,
      "type": "text",
      "validators": undefined,
    },
    "ref": null,
    "rendered": Object {
      "instance": null,
      "key": undefined,
      "nodeType": "class",
      "props": Object {
        "id": "field0",
        "invalid": undefined,
        "name": "field0",
        "onBlur": [MockFunction],
        "onChange": [MockFunction],
        "type": "text",
        "value": "",
      },
      "ref": null,
      "rendered": null,
      "type": [Function],
    },
    "type": [Function],
  },
  Symbol(enzyme.__nodes__): Array [
    Object {
      "instance": null,
      "key": undefined,
      "nodeType": "class",
      "props": Object {
        "children": <Input
          id="field0"
          name="field0"
          onBlur={[MockFunction]}
          onChange={[MockFunction]}
          type="text"
          value=""
        />,
        "field": Object {
          "id": "field0",
          "invalid": false,
          "name": "field0",
          "onBlur": [MockFunction],
          "onChange": [MockFunction],
          "value": "",
        },
        "info": undefined,
        "label": "field0",
        "meta": Object {
          "error": undefined,
          "isValidating": undefined,
          "stringFormatter": [MockFunction],
          "valid": true,
        },
        "prefix": undefined,
        "suffix": undefined,
        "type": "text",
        "validators": undefined,
      },
      "ref": null,
      "rendered": Object {
        "instance": null,
        "key": undefined,
        "nodeType": "class",
        "props": Object {
          "id": "field0",
          "invalid": undefined,
          "name": "field0",
          "onBlur": [MockFunction],
          "onChange": [MockFunction],
          "type": "text",
          "value": "",
        },
        "ref": null,
        "rendered": null,
        "type": [Function],
      },
      "type": [Function],
    },
  ],
  Symbol(enzyme.__options__): Object {
    "adapter": ReactSixteenAdapter {
      "options": Object {
        "enableComponentDidUpdateOnSetState": true,
      },
    },
  },
}
`;
