// Jest Snapshot v1, https://goo.gl/fbAQLP

exports[`<InvalidAlert /> should render a FontAwesomeIcon if valid is false 1`] = `
ShallowWrapper {
  Symbol(enzyme.__root__): [Circular],
  Symbol(enzyme.__unrendered__): <InvalidAlert
    valid={false}
  />,
  Symbol(enzyme.__renderer__): Object {
    "batchedUpdates": [Function],
    "getNode": [Function],
    "render": [Function],
    "simulateEvent": [Function],
    "unmount": [Function],
  },
  Symbol(enzyme.__node__): Object {
    "instance": null,
    "key": undefined,
    "nodeType": "function",
    "props": Object {
      "border": false,
      "className": "ico-invalid mr-2",
      "fixedWidth": false,
      "flip": null,
      "icon": Object {
        "icon": Array [
          512,
          512,
          Array [],
          "f06a",
          "M504 256c0 136.997-111.043 248-248 248S8 392.997 8 256C8 119.083 119.043 8 256 8s248 111.083 248 248zm-248 50c-25.405 0-46 20.595-46 46s20.595 46 46 46 46-20.595 46-46-20.595-46-46-46zm-43.673-165.346l7.418 136c.347 6.364 5.609 11.346 11.982 11.346h48.546c6.373 0 11.635-4.982 11.982-11.346l7.418-136c.375-6.874-5.098-12.654-11.982-12.654h-63.383c-6.884 0-12.356 5.78-11.981 12.654z",
        ],
        "iconName": "exclamation-circle",
        "prefix": "fas",
      },
      "inverse": false,
      "listItem": false,
      "mask": null,
      "pull": null,
      "pulse": false,
      "rotation": null,
      "size": null,
      "spin": false,
      "symbol": false,
      "title": "",
      "transform": null,
    },
    "ref": null,
    "rendered": null,
    "type": [Function],
  },
  Symbol(enzyme.__nodes__): Array [
    Object {
      "instance": null,
      "key": undefined,
      "nodeType": "function",
      "props": Object {
        "border": false,
        "className": "ico-invalid mr-2",
        "fixedWidth": false,
        "flip": null,
        "icon": Object {
          "icon": Array [
            512,
            512,
            Array [],
            "f06a",
            "M504 256c0 136.997-111.043 248-248 248S8 392.997 8 256C8 119.083 119.043 8 256 8s248 111.083 248 248zm-248 50c-25.405 0-46 20.595-46 46s20.595 46 46 46 46-20.595 46-46-20.595-46-46-46zm-43.673-165.346l7.418 136c.347 6.364 5.609 11.346 11.982 11.346h48.546c6.373 0 11.635-4.982 11.982-11.346l7.418-136c.375-6.874-5.098-12.654-11.982-12.654h-63.383c-6.884 0-12.356 5.78-11.981 12.654z",
          ],
          "iconName": "exclamation-circle",
          "prefix": "fas",
        },
        "inverse": false,
        "listItem": false,
        "mask": null,
        "pull": null,
        "pulse": false,
        "rotation": null,
        "size": null,
        "spin": false,
        "symbol": false,
        "title": "",
        "transform": null,
      },
      "ref": null,
      "rendered": null,
      "type": [Function],
    },
  ],
  Symbol(enzyme.__options__): Object {
    "adapter": ReactSixteenAdapter {
      "options": Object {
        "enableComponentDidUpdateOnSetState": true,
        "lifecycles": Object {
          "componentDidUpdate": Object {
            "onSetState": true,
          },
          "getSnapshotBeforeUpdate": true,
        },
      },
    },
    "attachTo": undefined,
    "hydrateIn": undefined,
  },
}
`;
