// Jest Snapshot v1, https://goo.gl/fbAQLP

exports[`<InfoAlert /> info present should render correctly 1`] = `
ShallowWrapper {
  Symbol(enzyme.__root__): [Circular],
  Symbol(enzyme.__unrendered__): <InfoAlert
    info="mock-info"
    meta={
      Object {
        "error": null,
        "isValidating": false,
        "plaintext": false,
        "stringFormatter": [MockFunction] {
          "calls": Array [
            Array [
              "mock-info",
            ],
          ],
          "results": Array [
            Object {
              "isThrow": false,
              "value": "mock-info",
            },
          ],
        },
        "touched": false,
        "valid": true,
      }
    }
    onClose={[MockFunction]}
    visible={true}
  />,
  Symbol(enzyme.__renderer__): Object {
    "batchedUpdates": [Function],
    "getNode": [Function],
    "render": [Function],
    "simulateEvent": [Function],
    "unmount": [Function],
  },
  Symbol(enzyme.__node__): Object {
    "instance": null,
    "key": undefined,
    "nodeType": "function",
    "props": Object {
      "children": "mock-info",
      "className": "mt-2",
      "closeAriaLabel": "Close",
      "color": "success",
      "fade": true,
      "isOpen": true,
      "tag": "div",
      "toggle": [MockFunction],
      "transition": Object {
        "appear": true,
        "baseClass": "fade",
        "baseClassActive": "show",
        "enter": true,
        "exit": true,
        "in": true,
        "mountOnEnter": false,
        "onEnter": [Function],
        "onEntered": [Function],
        "onEntering": [Function],
        "onExit": [Function],
        "onExited": [Function],
        "onExiting": [Function],
        "tag": "div",
        "timeout": 150,
        "unmountOnExit": true,
      },
    },
    "ref": null,
    "rendered": "mock-info",
    "type": [Function],
  },
  Symbol(enzyme.__nodes__): Array [
    Object {
      "instance": null,
      "key": undefined,
      "nodeType": "function",
      "props": Object {
        "children": "mock-info",
        "className": "mt-2",
        "closeAriaLabel": "Close",
        "color": "success",
        "fade": true,
        "isOpen": true,
        "tag": "div",
        "toggle": [MockFunction],
        "transition": Object {
          "appear": true,
          "baseClass": "fade",
          "baseClassActive": "show",
          "enter": true,
          "exit": true,
          "in": true,
          "mountOnEnter": false,
          "onEnter": [Function],
          "onEntered": [Function],
          "onEntering": [Function],
          "onExit": [Function],
          "onExited": [Function],
          "onExiting": [Function],
          "tag": "div",
          "timeout": 150,
          "unmountOnExit": true,
        },
      },
      "ref": null,
      "rendered": "mock-info",
      "type": [Function],
    },
  ],
  Symbol(enzyme.__options__): Object {
    "adapter": ReactSixteenAdapter {
      "options": Object {
        "enableComponentDidUpdateOnSetState": true,
        "lifecycles": Object {
          "componentDidUpdate": Object {
            "onSetState": true,
          },
          "getSnapshotBeforeUpdate": true,
        },
      },
    },
    "attachTo": undefined,
    "hydrateIn": undefined,
  },
}
`;
